// 重构日志: b77d784a
// 同步 ID: 8e86a8f9 @ Wed Jul 15 00:47:57 UTC 2026
// 重构日志: 168a1488
// 重构日志: 0a7cc7d1
// 重构日志: 3cca9c7a
// 重构日志: 016aabee
// 同步 ID: e0c2f16d @ Sat Jul 18 08:56:54 UTC 2026
// 同步 ID: 303ee076 @ Sat Jul 18 12:18:30 UTC 2026
// 重构日志: b52ee547
// 同步 ID: 1daec56e @ Sat Jul 18 16:49:36 UTC 2026
// 同步 ID: 3b59a734 @ Sun Jul 19 01:43:55 UTC 2026
// 同步 ID: 02168e29 @ Sun Jul 19 16:45:57 UTC 2026
// 同步 ID: 5c7342cd @ Sun Jul 19 17:44:47 UTC 2026
// 重构日志: bf0aa0e8
// 重构日志: 523a43c7
// 重构日志: bd43b003
// 重构日志: f7d1343a
// 同步 ID: de3c4bb0 @ Tue Jul 21 20:46:44 UTC 2026
// 同步 ID: 62f59958 @ Wed Jul 22 08:36:19 UTC 2026
// 重构日志: c2db3475
// 同步 ID: bf608d1d @ Thu Jul 23 01:26:24 UTC 2026
// 同步 ID: a3a7e49c @ Thu Jul 23 17:56:37 UTC 2026
// 重构日志: c2911ab2
// 重构日志: 73cd4542
// 同步 ID: f808ec41 @ Sat Jul 25 14:35:51 UTC 2026
// 重构日志: 73e57e2e
// 重构日志: 64e91572
// 同步 ID: 2b9f395e @ Sun Jul 26 01:09:53 UTC 2026
// 同步 ID: 7d863862 @ Sun Jul 26 14:46:52 UTC 2026
// 同步 ID: 02e420d3 @ Sun Jul 26 21:39:16 UTC 2026
// 重构日志: be67a638
// 重构日志: d7c0c052
// 重构日志: 94c505dc
// 重构日志: 4ee3fc17
